// Jest Snapshot v1, https://goo.gl/fbAQLP

exports[`renders correctly home screen even with empty 1`] = `
<View
  accessibilityIgnoresInvertColors={true}
  style={
    Object {
      "height": "100%",
      "width": 750,
    }
  }
>
  <Image
    source={
      Object {
        "testUri": "../../../src/assets/images/homeBG.png",
      }
    }
    style={
      Array [
        Object {
          "bottom": 0,
          "left": 0,
          "position": "absolute",
          "right": 0,
          "top": 0,
        },
        Object {
          "height": "100%",
          "width": 750,
        },
        undefined,
      ]
    }
  />
  <View
    style={
      Object {
        "paddingLeft": 56,
        "paddingTop": 310,
      }
    }
  >
    <Text
      style={
        Object {
          "color": "white",
          "fontSize": 120,
          "fontWeight": "700",
        }
      }
    >
      Hello
    </Text>
    <Text
      style={
        Object {
          "color": "white",
          "fontSize": 24,
          "fontWeight": "400",
        }
      }
    >
       0 Livestream  - 0 Member
    </Text>
  </View>
</View>
`;
